<doc:xqdoc xmlns:doc="http://www.xqdoc.org/1.0"><doc:control><!--Generated by xquerydoc: http://github.com/xquery/xquerydoc--><doc:version>N/A</doc:version></doc:control><doc:module type="main"><doc:uri/><doc:comment><doc:description> 
  This main module controls the presentation of the home page for
  xqDoc.  The home page will list all of the library and main modules
  contained in the 'xqDoc' collection.
  The mainline function invokes only the
  method to generate the HTML for the xqDoc home page.  A parameter of type 
  xs:boolean is passed to indicate whether links on the page should be constructed 
  to static HTML pages (for off-line viewing) or to XQuery scripts for dynamic
  real-time viewing.
 
  </doc:description><doc:author> Darin McBeath
  </doc:author><doc:since> June 9, 2006
  </doc:since><doc:version> 1.3
</doc:version></doc:comment></doc:module><doc:variables/><doc:functions/></doc:xqdoc>
