<html xmlns="http://www.w3.org/1999/xhtml" version="-//W3C//DTD XHTML 1.1//EN"><head><title/></head><body class="home"><div id="main"><h2>Module</h2>
    type: library<p/><h2>Module URI</h2>http://marklogic.com/json<h2>Variables</h2><h2>Function Summary</h2><h2>Function Detail</h2></div></body></html>
