<html xmlns="http://www.w3.org/1999/xhtml" xml:lang="en" lang="en">
  <head>
    <meta charset="utf-8"/>
    <title/>
  </head>
  <body class="home"><div id="main"/></body>
</html>

